../../Drivers/STM32N6xx_HAL_Driver/Inc/stm32n6xx_ll_bus.h:1407:22:LL_AHB4_GRP1_EnableClock	1
../../Drivers/STM32N6xx_HAL_Driver/Inc/stm32n6xx_ll_bus.h:2739:22:LL_APB1_GRP2_EnableClock	1
../Core/Src/main.c:97:5:main	1
../Core/Src/main.c:160:6:SystemClock_Config	8
../Core/Src/main.c:255:6:PeriphCommonClock_Config	2
../Core/Src/main.c:274:13:MX_ADC1_Init	5
../Core/Src/main.c:351:13:MX_I2C1_Init	4
../Core/Src/main.c:399:13:MX_I2C2_Init	4
../Core/Src/main.c:447:13:MX_ICACHE_Init	3
../Core/Src/main.c:479:13:MX_MDF1_Init	2
../Core/Src/main.c:536:13:MX_SAI1_Init	3
../Core/Src/main.c:608:13:MX_SDMMC2_SD_Init	2
../Core/Src/main.c:639:13:MX_UCPD1_Init	1
../Core/Src/main.c:663:13:MX_USART1_UART_Init	5
../Core/Src/main.c:711:13:MX_USB1_OTG_HS_USB_Init	1
../Core/Src/main.c:732:13:MX_USB2_OTG_HS_HCD_Init	2
../Core/Src/main.c:767:13:MX_XSPI1_Init	3
../Core/Src/main.c:818:13:MX_XSPI2_Init	3
../Core/Src/main.c:869:13:MX_GPIO_Init	1
../Core/Src/main.c:964:6:Error_Handler	1
